{"synthetic": false,
 "schemaVersion": "2025-09-10",
 "outputs":
 {"o": ["f86789e03f6dbfba.olean"],
  "m": false,
  "i": "0207f0151fc22d00.ilean",
  "c": "84364705303664fb.c"},
 "log":
 [{"message":
   ".> LEAN_PATH=C:\\Users\\googo\\Documents\\GitHub\\renewal-geometry\\DependencyProbe\\.lake\\packages\\Cli\\.lake\\build\\lib\\lean;C:\\Users\\googo\\Documents\\GitHub\\renewal-geometry\\DependencyProbe\\.lake\\packages\\Gametheory\\.lake\\build\\lib\\lean;C:\\Users\\googo\\Documents\\GitHub\\renewal-geometry\\DependencyProbe\\.lake\\packages\\checkdecls\\.lake\\build\\lib\\lean;C:\\Users\\googo\\Documents\\GitHub\\renewal-geometry\\DependencyProbe\\.lake\\packages\\batteries\\.lake\\build\\lib\\lean;C:\\Users\\googo\\Documents\\GitHub\\renewal-geometry\\DependencyProbe\\.lake\\packages\\Qq\\.lake\\build\\lib\\lean;C:\\Users\\googo\\Documents\\GitHub\\renewal-geometry\\DependencyProbe\\.lake\\packages\\aesop\\.lake\\build\\lib\\lean;C:\\Users\\googo\\Documents\\GitHub\\renewal-geometry\\DependencyProbe\\.lake\\packages\\proofwidgets\\.lake\\build\\lib\\lean;C:\\Users\\googo\\Documents\\GitHub\\renewal-geometry\\DependencyProbe\\.lake\\packages\\importGraph\\.lake\\build\\lib\\lean;C:\\Users\\googo\\Documents\\GitHub\\renewal-geometry\\DependencyProbe\\.lake\\packages\\LeanSearchClient\\.lake\\build\\lib\\lean;C:\\Users\\googo\\Documents\\GitHub\\renewal-geometry\\DependencyProbe\\.lake\\packages\\plausible\\.lake\\build\\lib\\lean;C:\\Users\\googo\\Documents\\GitHub\\renewal-geometry\\DependencyProbe\\.lake\\packages\\QICLean\\.lake\\build\\lib\\lean;C:\\Users\\googo\\Documents\\GitHub\\renewal-geometry\\DependencyProbe\\.lake\\packages\\mathlib\\.lake\\build\\lib\\lean;C:\\Users\\googo\\Documents\\GitHub\\renewal-geometry\\DependencyProbe\\.lake\\build\\lib\\lean c:\\Users\\googo\\.elan\\toolchains\\leanprover--lean4---v4.34.0-rc1\\bin\\lean.exe C:\\Users\\googo\\Documents\\GitHub\\renewal-geometry\\DependencyProbe\\..\\NCG\\Grand\\LiebLimitExact.lean -o C:\\Users\\googo\\Documents\\GitHub\\renewal-geometry\\DependencyProbe\\.lake\\build\\lib\\lean\\NCG\\Grand\\LiebLimitExact.olean -i C:\\Users\\googo\\Documents\\GitHub\\renewal-geometry\\DependencyProbe\\.lake\\build\\lib\\lean\\NCG\\Grand\\LiebLimitExact.ilean -c C:\\Users\\googo\\Documents\\GitHub\\renewal-geometry\\DependencyProbe\\.lake\\build\\ir\\NCG\\Grand\\LiebLimitExact.c --setup C:\\Users\\googo\\Documents\\GitHub\\renewal-geometry\\DependencyProbe\\.lake\\build\\ir\\NCG\\Grand\\LiebLimitExact.setup.json --json",
   "level": "trace"}],
 "inputs":
 [["deps",
   [["DependencyProbe/NCG:extraDep",
     [["@DependencyProbe:extraDep", "00000000000006bb"]]],
    ["imports",
     [["Mathlib transitive imports (legacy)", "8c4ebe9d0e191956"],
      ["Mathlib:importAllArts", "5f036c3d2971369e"],
      ["NCG.Grand.TracePowFormulaExact transitive imports (legacy)",
       "1f0047b14e91fcff"],
      ["NCG.Grand.TracePowFormulaExact:importAllArts", "9b81d5c4d0bde785"]]]]],
  ["libs",
   [["import dynlibs", "00000000000006bb"],
    ["package external libraries", "00000000000006bb"],
    ["module dynlibs", "00000000000006bb"],
    ["module plugins", "00000000000006bb"]]],
  ["Lean 4.34.0, commit 3447a668783dbce1a8fdb97101dd067687b2b418",
   "421484e3e0c70198"],
  ["C:\\Users\\googo\\Documents\\GitHub\\renewal-geometry\\DependencyProbe\\..\\NCG\\Grand\\LiebLimitExact.lean",
   "c3b176bd2b6269a8"],
  ["options", "00000000000006bb"],
  ["isModule: false", "feefd2a0d3a1847e"],
  ["Module.name: NCG.Grand.LiebLimitExact", "0e34f305e5aecdd3"],
  ["Package.id?: (some DependencyProbe)", "7ab2874502847358"],
  ["Module.leanArgs: #[]", "00000000000006bb"]],
 "depHash": "81df0278a7d0bdcc"}