{"synthetic": false,
 "schemaVersion": "2025-09-10",
 "outputs":
 {"o": ["0fe6e41cb8f6ca94.olean"],
  "m": false,
  "i": "cd29ee50ea9aeb3e.ilean",
  "c": "8a3381d169a6e77e.c"},
 "log":
 [{"message":
   ".> LEAN_PATH=C:\\Users\\googo\\Documents\\GitHub\\renewal-geometry\\DependencyProbe\\.lake\\packages\\Cli\\.lake\\build\\lib\\lean;C:\\Users\\googo\\Documents\\GitHub\\renewal-geometry\\DependencyProbe\\.lake\\packages\\Gametheory\\.lake\\build\\lib\\lean;C:\\Users\\googo\\Documents\\GitHub\\renewal-geometry\\DependencyProbe\\.lake\\packages\\checkdecls\\.lake\\build\\lib\\lean;C:\\Users\\googo\\Documents\\GitHub\\renewal-geometry\\DependencyProbe\\.lake\\packages\\batteries\\.lake\\build\\lib\\lean;C:\\Users\\googo\\Documents\\GitHub\\renewal-geometry\\DependencyProbe\\.lake\\packages\\Qq\\.lake\\build\\lib\\lean;C:\\Users\\googo\\Documents\\GitHub\\renewal-geometry\\DependencyProbe\\.lake\\packages\\aesop\\.lake\\build\\lib\\lean;C:\\Users\\googo\\Documents\\GitHub\\renewal-geometry\\DependencyProbe\\.lake\\packages\\proofwidgets\\.lake\\build\\lib\\lean;C:\\Users\\googo\\Documents\\GitHub\\renewal-geometry\\DependencyProbe\\.lake\\packages\\importGraph\\.lake\\build\\lib\\lean;C:\\Users\\googo\\Documents\\GitHub\\renewal-geometry\\DependencyProbe\\.lake\\packages\\LeanSearchClient\\.lake\\build\\lib\\lean;C:\\Users\\googo\\Documents\\GitHub\\renewal-geometry\\DependencyProbe\\.lake\\packages\\plausible\\.lake\\build\\lib\\lean;C:\\Users\\googo\\Documents\\GitHub\\renewal-geometry\\DependencyProbe\\.lake\\packages\\QICLean\\.lake\\build\\lib\\lean;C:\\Users\\googo\\Documents\\GitHub\\renewal-geometry\\DependencyProbe\\.lake\\packages\\mathlib\\.lake\\build\\lib\\lean;C:\\Users\\googo\\Documents\\GitHub\\renewal-geometry\\DependencyProbe\\.lake\\build\\lib\\lean c:\\Users\\googo\\.elan\\toolchains\\leanprover--lean4---v4.34.0-rc1\\bin\\lean.exe C:\\Users\\googo\\Documents\\GitHub\\renewal-geometry\\DependencyProbe\\..\\NCG\\Grand\\PetzUnconditionalExact.lean -o C:\\Users\\googo\\Documents\\GitHub\\renewal-geometry\\DependencyProbe\\.lake\\build\\lib\\lean\\NCG\\Grand\\PetzUnconditionalExact.olean -i C:\\Users\\googo\\Documents\\GitHub\\renewal-geometry\\DependencyProbe\\.lake\\build\\lib\\lean\\NCG\\Grand\\PetzUnconditionalExact.ilean -c C:\\Users\\googo\\Documents\\GitHub\\renewal-geometry\\DependencyProbe\\.lake\\build\\ir\\NCG\\Grand\\PetzUnconditionalExact.c --setup C:\\Users\\googo\\Documents\\GitHub\\renewal-geometry\\DependencyProbe\\.lake\\build\\ir\\NCG\\Grand\\PetzUnconditionalExact.setup.json --json",
   "level": "trace"}],
 "inputs":
 [["deps",
   [["DependencyProbe/NCG:extraDep",
     [["@DependencyProbe:extraDep", "00000000000006bb"]]],
    ["imports",
     [["Mathlib transitive imports (legacy)", "8c4ebe9d0e191956"],
      ["Mathlib:importAllArts", "5f036c3d2971369e"],
      ["NCG.Grand.DataProcessingExact transitive imports (legacy)",
       "617e29c3dc8a39a1"],
      ["NCG.Grand.DataProcessingExact:importAllArts", "b78a83fe6fa4eae7"]]]]],
  ["libs",
   [["import dynlibs", "00000000000006bb"],
    ["package external libraries", "00000000000006bb"],
    ["module dynlibs", "00000000000006bb"],
    ["module plugins", "00000000000006bb"]]],
  ["Lean 4.34.0, commit 3447a668783dbce1a8fdb97101dd067687b2b418",
   "421484e3e0c70198"],
  ["C:\\Users\\googo\\Documents\\GitHub\\renewal-geometry\\DependencyProbe\\..\\NCG\\Grand\\PetzUnconditionalExact.lean",
   "6687a76a16d93b6d"],
  ["options", "00000000000006bb"],
  ["isModule: false", "feefd2a0d3a1847e"],
  ["Module.name: NCG.Grand.PetzUnconditionalExact", "b4f64d5e6aa9f56c"],
  ["Package.id?: (some DependencyProbe)", "7ab2874502847358"],
  ["Module.leanArgs: #[]", "00000000000006bb"]],
 "depHash": "d9c58eab5e2ea841"}