{"synthetic": false,
 "schemaVersion": "2025-09-10",
 "outputs":
 {"o": ["34b8418bc45df095.olean"],
  "m": false,
  "i": "f1a55488d21d7b65.ilean",
  "c": "6fbe0ee5e310da31.c"},
 "log":
 [{"message":
   ".> LEAN_PATH=C:\\Users\\googo\\Documents\\GitHub\\renewal-geometry\\DependencyProbe\\.lake\\packages\\Cli\\.lake\\build\\lib\\lean;C:\\Users\\googo\\Documents\\GitHub\\renewal-geometry\\DependencyProbe\\.lake\\packages\\Gametheory\\.lake\\build\\lib\\lean;C:\\Users\\googo\\Documents\\GitHub\\renewal-geometry\\DependencyProbe\\.lake\\packages\\checkdecls\\.lake\\build\\lib\\lean;C:\\Users\\googo\\Documents\\GitHub\\renewal-geometry\\DependencyProbe\\.lake\\packages\\batteries\\.lake\\build\\lib\\lean;C:\\Users\\googo\\Documents\\GitHub\\renewal-geometry\\DependencyProbe\\.lake\\packages\\Qq\\.lake\\build\\lib\\lean;C:\\Users\\googo\\Documents\\GitHub\\renewal-geometry\\DependencyProbe\\.lake\\packages\\aesop\\.lake\\build\\lib\\lean;C:\\Users\\googo\\Documents\\GitHub\\renewal-geometry\\DependencyProbe\\.lake\\packages\\proofwidgets\\.lake\\build\\lib\\lean;C:\\Users\\googo\\Documents\\GitHub\\renewal-geometry\\DependencyProbe\\.lake\\packages\\importGraph\\.lake\\build\\lib\\lean;C:\\Users\\googo\\Documents\\GitHub\\renewal-geometry\\DependencyProbe\\.lake\\packages\\LeanSearchClient\\.lake\\build\\lib\\lean;C:\\Users\\googo\\Documents\\GitHub\\renewal-geometry\\DependencyProbe\\.lake\\packages\\plausible\\.lake\\build\\lib\\lean;C:\\Users\\googo\\Documents\\GitHub\\renewal-geometry\\DependencyProbe\\.lake\\packages\\QICLean\\.lake\\build\\lib\\lean;C:\\Users\\googo\\Documents\\GitHub\\renewal-geometry\\DependencyProbe\\.lake\\packages\\mathlib\\.lake\\build\\lib\\lean;C:\\Users\\googo\\Documents\\GitHub\\renewal-geometry\\DependencyProbe\\.lake\\build\\lib\\lean c:\\Users\\googo\\.elan\\toolchains\\leanprover--lean4---v4.34.0-rc1\\bin\\lean.exe C:\\Users\\googo\\Documents\\GitHub\\renewal-geometry\\DependencyProbe\\..\\NCG\\Grand\\RelEntropyPerturbExact.lean -o C:\\Users\\googo\\Documents\\GitHub\\renewal-geometry\\DependencyProbe\\.lake\\build\\lib\\lean\\NCG\\Grand\\RelEntropyPerturbExact.olean -i C:\\Users\\googo\\Documents\\GitHub\\renewal-geometry\\DependencyProbe\\.lake\\build\\lib\\lean\\NCG\\Grand\\RelEntropyPerturbExact.ilean -c C:\\Users\\googo\\Documents\\GitHub\\renewal-geometry\\DependencyProbe\\.lake\\build\\ir\\NCG\\Grand\\RelEntropyPerturbExact.c --setup C:\\Users\\googo\\Documents\\GitHub\\renewal-geometry\\DependencyProbe\\.lake\\build\\ir\\NCG\\Grand\\RelEntropyPerturbExact.setup.json --json",
   "level": "trace"}],
 "inputs":
 [["deps",
   [["DependencyProbe/NCG:extraDep",
     [["@DependencyProbe:extraDep", "00000000000006bb"]]],
    ["imports",
     [["Mathlib transitive imports (legacy)", "8c4ebe9d0e191956"],
      ["Mathlib:importAllArts", "5f036c3d2971369e"],
      ["NCG.Grand.MatFunShiftExact transitive imports (legacy)",
       "b19a5b099e15c7ba"],
      ["NCG.Grand.MatFunShiftExact:importAllArts", "30a00d9de9caa0f9"],
      ["NCG.Grand.PetzSufficiencyExact transitive imports (legacy)",
       "7750d2fb6358ac94"],
      ["NCG.Grand.PetzSufficiencyExact:importAllArts", "ae93e8e4dadbfc27"]]]]],
  ["libs",
   [["import dynlibs", "00000000000006bb"],
    ["package external libraries", "00000000000006bb"],
    ["module dynlibs", "00000000000006bb"],
    ["module plugins", "00000000000006bb"]]],
  ["Lean 4.34.0, commit 3447a668783dbce1a8fdb97101dd067687b2b418",
   "421484e3e0c70198"],
  ["C:\\Users\\googo\\Documents\\GitHub\\renewal-geometry\\DependencyProbe\\..\\NCG\\Grand\\RelEntropyPerturbExact.lean",
   "b153801277ec3831"],
  ["options", "00000000000006bb"],
  ["isModule: false", "feefd2a0d3a1847e"],
  ["Module.name: NCG.Grand.RelEntropyPerturbExact", "f758477189e6302b"],
  ["Package.id?: (some DependencyProbe)", "7ab2874502847358"],
  ["Module.leanArgs: #[]", "00000000000006bb"]],
 "depHash": "cab0eddf5e26cb83"}