{"synthetic": false,
 "schemaVersion": "2025-09-10",
 "outputs":
 {"o": ["5484d8b42802540f.olean"],
  "m": false,
  "i": "38770640ea793bb2.ilean",
  "c": "45ded06af009ae11.c"},
 "log":
 [{"message":
   ".> LEAN_PATH=C:\\Users\\googo\\Documents\\GitHub\\renewal-geometry\\DependencyProbe\\.lake\\packages\\Cli\\.lake\\build\\lib\\lean;C:\\Users\\googo\\Documents\\GitHub\\renewal-geometry\\DependencyProbe\\.lake\\packages\\Gametheory\\.lake\\build\\lib\\lean;C:\\Users\\googo\\Documents\\GitHub\\renewal-geometry\\DependencyProbe\\.lake\\packages\\checkdecls\\.lake\\build\\lib\\lean;C:\\Users\\googo\\Documents\\GitHub\\renewal-geometry\\DependencyProbe\\.lake\\packages\\batteries\\.lake\\build\\lib\\lean;C:\\Users\\googo\\Documents\\GitHub\\renewal-geometry\\DependencyProbe\\.lake\\packages\\Qq\\.lake\\build\\lib\\lean;C:\\Users\\googo\\Documents\\GitHub\\renewal-geometry\\DependencyProbe\\.lake\\packages\\aesop\\.lake\\build\\lib\\lean;C:\\Users\\googo\\Documents\\GitHub\\renewal-geometry\\DependencyProbe\\.lake\\packages\\proofwidgets\\.lake\\build\\lib\\lean;C:\\Users\\googo\\Documents\\GitHub\\renewal-geometry\\DependencyProbe\\.lake\\packages\\importGraph\\.lake\\build\\lib\\lean;C:\\Users\\googo\\Documents\\GitHub\\renewal-geometry\\DependencyProbe\\.lake\\packages\\LeanSearchClient\\.lake\\build\\lib\\lean;C:\\Users\\googo\\Documents\\GitHub\\renewal-geometry\\DependencyProbe\\.lake\\packages\\plausible\\.lake\\build\\lib\\lean;C:\\Users\\googo\\Documents\\GitHub\\renewal-geometry\\DependencyProbe\\.lake\\packages\\QICLean\\.lake\\build\\lib\\lean;C:\\Users\\googo\\Documents\\GitHub\\renewal-geometry\\DependencyProbe\\.lake\\packages\\mathlib\\.lake\\build\\lib\\lean;C:\\Users\\googo\\Documents\\GitHub\\renewal-geometry\\DependencyProbe\\.lake\\build\\lib\\lean c:\\Users\\googo\\.elan\\toolchains\\leanprover--lean4---v4.34.0-rc1\\bin\\lean.exe C:\\Users\\googo\\Documents\\GitHub\\renewal-geometry\\DependencyProbe\\DependencyProbe.lean -o C:\\Users\\googo\\Documents\\GitHub\\renewal-geometry\\DependencyProbe\\.lake\\build\\lib\\lean\\DependencyProbe.olean -i C:\\Users\\googo\\Documents\\GitHub\\renewal-geometry\\DependencyProbe\\.lake\\build\\lib\\lean\\DependencyProbe.ilean -c C:\\Users\\googo\\Documents\\GitHub\\renewal-geometry\\DependencyProbe\\.lake\\build\\ir\\DependencyProbe.c --setup C:\\Users\\googo\\Documents\\GitHub\\renewal-geometry\\DependencyProbe\\.lake\\build\\ir\\DependencyProbe.setup.json --json",
   "level": "trace"},
  {"message":
   "DependencyProbe.lean:4:0: Matrix.partialTraceRightPetzMap_eq_of_relativeEntropy_eq_general_support.{u_1, u_2} {L : Type u_1} {R : Type u_2}\n  [Fintype L] [DecidableEq L] [Fintype R] [DecidableEq R] [Nonempty R] {ρ σ : Matrix (L × R) (L × R) ℂ}\n  (hρ : ρ.PosSemidef) (hσ : σ.PosSemidef) (hsupp : ∀ (v : L × R → ℂ), σ.mulVec v = 0 → ρ.mulVec v = 0)\n  (heq : quantumRelativeEntropy ρ σ = quantumRelativeEntropy ρ.partialTraceRight σ.partialTraceRight) :\n  (σ.partialTraceRightPetzMap hσ) ρ.partialTraceRight = ρ",
   "level": "info"}],
 "inputs":
 [["deps",
   [["DependencyProbe/DependencyProbe:extraDep",
     [["@DependencyProbe:extraDep", "00000000000006bb"]]],
    ["imports",
     [["NCG.Grand.PetzUnconditionalExact transitive imports (legacy)",
       "90f47a918961da1a"],
      ["NCG.Grand.PetzUnconditionalExact:importAllArts", "3358af8fa88d1727"],
      ["QICLean.Channel.Schwarz.WeylSupportPetzRecovery transitive imports (legacy)",
       "ac9e0e651479bd6b"],
      ["QICLean.Channel.Schwarz.WeylSupportPetzRecovery:importAllArts",
       "adb13688bdc4a783"]]]]],
  ["libs",
   [["import dynlibs", "00000000000006bb"],
    ["package external libraries", "00000000000006bb"],
    ["module dynlibs", "00000000000006bb"],
    ["module plugins", "00000000000006bb"]]],
  ["Lean 4.34.0, commit 3447a668783dbce1a8fdb97101dd067687b2b418",
   "421484e3e0c70198"],
  ["C:\\Users\\googo\\Documents\\GitHub\\renewal-geometry\\DependencyProbe\\DependencyProbe.lean",
   "a8219aeeb17f8f8f"],
  ["options", "00000000000006bb"],
  ["isModule: false", "feefd2a0d3a1847e"],
  ["Module.name: DependencyProbe", "b5793bf865fd3a94"],
  ["Package.id?: (some DependencyProbe)", "7ab2874502847358"],
  ["Module.leanArgs: #[]", "00000000000006bb"]],
 "depHash": "006b601efd3aa6ff"}